running build
running build_py
creating build/lib.linux-x86_64-cpython-310/modules
copying modules/ms_deform_attn.py -> build/lib.linux-x86_64-cpython-310/modules
copying modules/__init__.py -> build/lib.linux-x86_64-cpython-310/modules
creating build/lib.linux-x86_64-cpython-310/functions
copying functions/ms_deform_attn_func.py -> build/lib.linux-x86_64-cpython-310/functions
copying functions/__init__.py -> build/lib.linux-x86_64-cpython-310/functions
running build_ext
/home/wangchengjun/miniconda3/envs/segearthr2_qwen/lib/python3.10/site-packages/torch/utils/cpp_extension.py:424: UserWarning: There are no /home/wangchengjun/miniconda3/envs/segearthr2_qwen/bin/x86_64-conda-linux-gnu-c++ version bounds defined for CUDA version 12.1
  warnings.warn(f'There are no {compiler_name} version bounds defined for CUDA version {cuda_str_version}')
building 'MultiScaleDeformableAttention' extension
creating /home/wangchengjun/huangziyi/reseg/resegearth_qwen/segearth_r2/model/mask_decoder/Mask2Former_Simplify/modeling/pixel_decoder/ops/build/temp.linux-x86_64-cpython-310/home/wangchengjun/huangziyi/reseg/resegearth_qwen/segearth_r2/model/mask_decoder/Mask2Former_Simplify/modeling/pixel_decoder/ops/src/cpu
creating /home/wangchengjun/huangziyi/reseg/resegearth_qwen/segearth_r2/model/mask_decoder/Mask2Former_Simplify/modeling/pixel_decoder/ops/build/temp.linux-x86_64-cpython-310/home/wangchengjun/huangziyi/reseg/resegearth_qwen/segearth_r2/model/mask_decoder/Mask2Former_Simplify/modeling/pixel_decoder/ops/src/cuda
/home/wangchengjun/miniconda3/envs/segearthr2_qwen/lib/python3.10/site-packages/torch/utils/cpp_extension.py:1965: UserWarning: TORCH_CUDA_ARCH_LIST is not set, all archs for visible cards are included for compilation. 
If this is not desired, please set os.environ['TORCH_CUDA_ARCH_LIST'].
  warnings.warn(
Emitting ninja build file /home/wangchengjun/huangziyi/reseg/resegearth_qwen/segearth_r2/model/mask_decoder/Mask2Former_Simplify/modeling/pixel_decoder/ops/build/temp.linux-x86_64-cpython-310/build.ninja...
Compiling objects...
Using envvar MAX_JOBS (1) as the number of workers...
[1/3] /home/wangchengjun/miniconda3/envs/segearthr2_qwen/bin/x86_64-conda-linux-gnu-c++ -MMD -MF /home/wangchengjun/huangziyi/reseg/resegearth_qwen/segearth_r2/model/mask_decoder/Mask2Former_Simplify/modeling/pixel_decoder/ops/build/temp.linux-x86_64-cpython-310/home/wangchengjun/huangziyi/reseg/resegearth_qwen/segearth_r2/model/mask_decoder/Mask2Former_Simplify/modeling/pixel_decoder/ops/src/cpu/ms_deform_attn_cpu.o.d -march=nocona -mtune=haswell -ftree-vectorize -fPIC -fstack-protector-strong -fno-plt -O2 -ffunction-sections -pipe -isystem /home/wangchengjun/miniconda3/envs/segearthr2_qwen/include -DNDEBUG -D_FORTIFY_SOURCE=2 -O2 -isystem /home/wangchengjun/miniconda3/envs/segearthr2_qwen/include -fPIC -DWITH_CUDA -I/home/wangchengjun/huangziyi/reseg/resegearth_qwen/segearth_r2/model/mask_decoder/Mask2Former_Simplify/modeling/pixel_decoder/ops/src -I/home/wangchengjun/miniconda3/envs/segearthr2_qwen/lib/python3.10/site-packages/torch/include -I/home/wangchengjun/miniconda3/envs/segearthr2_qwen/lib/python3.10/site-packages/torch/include/torch/csrc/api/include -I/home/wangchengjun/miniconda3/envs/segearthr2_qwen/lib/python3.10/site-packages/torch/include/TH -I/home/wangchengjun/miniconda3/envs/segearthr2_qwen/lib/python3.10/site-packages/torch/include/THC -I/home/wangchengjun/miniconda3/envs/segearthr2_qwen/include -I/home/wangchengjun/miniconda3/envs/segearthr2_qwen/include/python3.10 -c -c /home/wangchengjun/huangziyi/reseg/resegearth_qwen/segearth_r2/model/mask_decoder/Mask2Former_Simplify/modeling/pixel_decoder/ops/src/cpu/ms_deform_attn_cpu.cpp -o /home/wangchengjun/huangziyi/reseg/resegearth_qwen/segearth_r2/model/mask_decoder/Mask2Former_Simplify/modeling/pixel_decoder/ops/build/temp.linux-x86_64-cpython-310/home/wangchengjun/huangziyi/reseg/resegearth_qwen/segearth_r2/model/mask_decoder/Mask2Former_Simplify/modeling/pixel_decoder/ops/src/cpu/ms_deform_attn_cpu.o -DTORCH_API_INCLUDE_EXTENSION_H '-DPYBIND11_COMPILER_TYPE="_gcc"' '-DPYBIND11_STDLIB="_libstdcpp"' '-DPYBIND11_BUILD_ABI="_cxxabi1011"' -DTORCH_EXTENSION_NAME=MultiScaleDeformableAttention -D_GLIBCXX_USE_CXX11_ABI=0 -std=c++17
FAILED: [code=1] /home/wangchengjun/huangziyi/reseg/resegearth_qwen/segearth_r2/model/mask_decoder/Mask2Former_Simplify/modeling/pixel_decoder/ops/build/temp.linux-x86_64-cpython-310/home/wangchengjun/huangziyi/reseg/resegearth_qwen/segearth_r2/model/mask_decoder/Mask2Former_Simplify/modeling/pixel_decoder/ops/src/cpu/ms_deform_attn_cpu.o 
/home/wangchengjun/miniconda3/envs/segearthr2_qwen/bin/x86_64-conda-linux-gnu-c++ -MMD -MF /home/wangchengjun/huangziyi/reseg/resegearth_qwen/segearth_r2/model/mask_decoder/Mask2Former_Simplify/modeling/pixel_decoder/ops/build/temp.linux-x86_64-cpython-310/home/wangchengjun/huangziyi/reseg/resegearth_qwen/segearth_r2/model/mask_decoder/Mask2Former_Simplify/modeling/pixel_decoder/ops/src/cpu/ms_deform_attn_cpu.o.d -march=nocona -mtune=haswell -ftree-vectorize -fPIC -fstack-protector-strong -fno-plt -O2 -ffunction-sections -pipe -isystem /home/wangchengjun/miniconda3/envs/segearthr2_qwen/include -DNDEBUG -D_FORTIFY_SOURCE=2 -O2 -isystem /home/wangchengjun/miniconda3/envs/segearthr2_qwen/include -fPIC -DWITH_CUDA -I/home/wangchengjun/huangziyi/reseg/resegearth_qwen/segearth_r2/model/mask_decoder/Mask2Former_Simplify/modeling/pixel_decoder/ops/src -I/home/wangchengjun/miniconda3/envs/segearthr2_qwen/lib/python3.10/site-packages/torch/include -I/home/wangchengjun/miniconda3/envs/segearthr2_qwen/lib/python3.10/site-packages/torch/include/torch/csrc/api/include -I/home/wangchengjun/miniconda3/envs/segearthr2_qwen/lib/python3.10/site-packages/torch/include/TH -I/home/wangchengjun/miniconda3/envs/segearthr2_qwen/lib/python3.10/site-packages/torch/include/THC -I/home/wangchengjun/miniconda3/envs/segearthr2_qwen/include -I/home/wangchengjun/miniconda3/envs/segearthr2_qwen/include/python3.10 -c -c /home/wangchengjun/huangziyi/reseg/resegearth_qwen/segearth_r2/model/mask_decoder/Mask2Former_Simplify/modeling/pixel_decoder/ops/src/cpu/ms_deform_attn_cpu.cpp -o /home/wangchengjun/huangziyi/reseg/resegearth_qwen/segearth_r2/model/mask_decoder/Mask2Former_Simplify/modeling/pixel_decoder/ops/build/temp.linux-x86_64-cpython-310/home/wangchengjun/huangziyi/reseg/resegearth_qwen/segearth_r2/model/mask_decoder/Mask2Former_Simplify/modeling/pixel_decoder/ops/src/cpu/ms_deform_attn_cpu.o -DTORCH_API_INCLUDE_EXTENSION_H '-DPYBIND11_COMPILER_TYPE="_gcc"' '-DPYBIND11_STDLIB="_libstdcpp"' '-DPYBIND11_BUILD_ABI="_cxxabi1011"' -DTORCH_EXTENSION_NAME=MultiScaleDeformableAttention -D_GLIBCXX_USE_CXX11_ABI=0 -std=c++17
In file included from /home/wangchengjun/miniconda3/envs/segearthr2_qwen/targets/x86_64-linux/include/cublas_v2.h:66,
                 from /home/wangchengjun/miniconda3/envs/segearthr2_qwen/lib/python3.10/site-packages/torch/include/ATen/cuda/CUDAContextLight.h:8,
                 from /home/wangchengjun/miniconda3/envs/segearthr2_qwen/lib/python3.10/site-packages/torch/include/ATen/cuda/CUDAContext.h:3,
                 from /home/wangchengjun/huangziyi/reseg/resegearth_qwen/segearth_r2/model/mask_decoder/Mask2Former_Simplify/modeling/pixel_decoder/ops/src/cpu/ms_deform_attn_cpu.cpp:19:
/home/wangchengjun/miniconda3/envs/segearthr2_qwen/targets/x86_64-linux/include/cublas_api.h:285:68: error: 'cudaEmulationSpecialValuesSupport' has not been declared
  285 |                                                                    cudaEmulationSpecialValuesSupport* mask);
      |                                                                    ^~~~~~~~~~~~~~~~~~~~~~~~~~~~~~~~~
/home/wangchengjun/miniconda3/envs/segearthr2_qwen/targets/x86_64-linux/include/cublas_api.h:288:68: error: 'cudaEmulationSpecialValuesSupport' has not been declared
  288 |                                                                    cudaEmulationSpecialValuesSupport mask);
      |                                                                    ^~~~~~~~~~~~~~~~~~~~~~~~~~~~~~~~~
/home/wangchengjun/miniconda3/envs/segearthr2_qwen/targets/x86_64-linux/include/cublas_api.h:291:73: error: 'cudaEmulationMantissaControl' has not been declared
  291 |                                                                         cudaEmulationMantissaControl* mantissaControl);
      |                                                                         ^~~~~~~~~~~~~~~~~~~~~~~~~~~~
/home/wangchengjun/miniconda3/envs/segearthr2_qwen/targets/x86_64-linux/include/cublas_api.h:294:73: error: 'cudaEmulationMantissaControl' has not been declared
  294 |                                                                         cudaEmulationMantissaControl mantissaControl);
      |                                                                         ^~~~~~~~~~~~~~~~~~~~~~~~~~~~
/home/wangchengjun/miniconda3/envs/segearthr2_qwen/targets/x86_64-linux/include/cublas_api.h:5868:80: error: 'cudaEmulationStrategy' has not been declared
 5868 | static inline cublasStatus_t cublasSetEmulationStrategy(cublasHandle_t handle, cudaEmulationStrategy strategy) {
      |                                                                                ^~~~~~~~~~~~~~~~~~~~~
/home/wangchengjun/miniconda3/envs/segearthr2_qwen/targets/x86_64-linux/include/cublas_api.h:5872:80: error: 'cudaEmulationStrategy' has not been declared
 5872 | static inline cublasStatus_t cublasGetEmulationStrategy(cublasHandle_t handle, cudaEmulationStrategy* strategy) {
      |                                                                                ^~~~~~~~~~~~~~~~~~~~~
In file included from /home/wangchengjun/miniconda3/envs/segearthr2_qwen/lib/python3.10/site-packages/torch/include/ATen/cuda/CUDAContextLight.h:15:
/home/wangchengjun/miniconda3/envs/segearthr2_qwen/targets/x86_64-linux/include/cusolverDn.h:120:5: error: 'cudaEmulationStrategy_t' has not been declared
  120 |     cudaEmulationStrategy_t strategy);
      |     ^~~~~~~~~~~~~~~~~~~~~~~
/home/wangchengjun/miniconda3/envs/segearthr2_qwen/targets/x86_64-linux/include/cusolverDn.h:124:5: error: 'cudaEmulationStrategy_t' has not been declared
  124 |     cudaEmulationStrategy_t* strategy);
      |     ^~~~~~~~~~~~~~~~~~~~~~~
/home/wangchengjun/miniconda3/envs/segearthr2_qwen/targets/x86_64-linux/include/cusolverDn.h:129:5: error: 'cudaEmulationMantissaControl_t' has not been declared
  129 |     cudaEmulationMantissaControl_t control);
      |     ^~~~~~~~~~~~~~~~~~~~~~~~~~~~~~
/home/wangchengjun/miniconda3/envs/segearthr2_qwen/targets/x86_64-linux/include/cusolverDn.h:133:5: error: 'cudaEmulationMantissaControl_t' has not been declared
  133 |     cudaEmulationMantissaControl_t* control);
      |     ^~~~~~~~~~~~~~~~~~~~~~~~~~~~~~
/home/wangchengjun/miniconda3/envs/segearthr2_qwen/targets/x86_64-linux/include/cusolverDn.h:153:5: error: 'cudaEmulationSpecialValuesSupport_t' has not been declared
  153 |     cudaEmulationSpecialValuesSupport_t mask);
      |     ^~~~~~~~~~~~~~~~~~~~~~~~~~~~~~~~~~~
/home/wangchengjun/miniconda3/envs/segearthr2_qwen/targets/x86_64-linux/include/cusolverDn.h:157:5: error: 'cudaEmulationSpecialValuesSupport_t' has not been declared
  157 |     cudaEmulationSpecialValuesSupport_t* mask);
      |     ^~~~~~~~~~~~~~~~~~~~~~~~~~~~~~~~~~~
ninja: build stopped: subcommand failed.
Traceback (most recent call last):
  File "/home/wangchengjun/miniconda3/envs/segearthr2_qwen/lib/python3.10/site-packages/torch/utils/cpp_extension.py", line 2105, in _run_ninja_build
    subprocess.run(
  File "/home/wangchengjun/miniconda3/envs/segearthr2_qwen/lib/python3.10/subprocess.py", line 526, in run
    raise CalledProcessError(retcode, process.args,
subprocess.CalledProcessError: Command '['ninja', '-v', '-j', '1']' returned non-zero exit status 1.

The above exception was the direct cause of the following exception:

Traceback (most recent call last):
  File "/home/wangchengjun/huangziyi/reseg/resegearth_qwen/segearth_r2/model/mask_decoder/Mask2Former_Simplify/modeling/pixel_decoder/ops/setup.py", line 69, in <module>
    setup(
  File "/home/wangchengjun/miniconda3/envs/segearthr2_qwen/lib/python3.10/site-packages/setuptools/__init__.py", line 117, in setup
    return distutils.core.setup(**attrs)  # type: ignore[return-value]
  File "/home/wangchengjun/miniconda3/envs/segearthr2_qwen/lib/python3.10/site-packages/setuptools/_distutils/core.py", line 186, in setup
    return run_commands(dist)
  File "/home/wangchengjun/miniconda3/envs/segearthr2_qwen/lib/python3.10/site-packages/setuptools/_distutils/core.py", line 202, in run_commands
    dist.run_commands()
  File "/home/wangchengjun/miniconda3/envs/segearthr2_qwen/lib/python3.10/site-packages/setuptools/_distutils/dist.py", line 1000, in run_commands
    self.run_command(cmd)
  File "/home/wangchengjun/miniconda3/envs/segearthr2_qwen/lib/python3.10/site-packages/setuptools/dist.py", line 1107, in run_command
    super().run_command(command)
  File "/home/wangchengjun/miniconda3/envs/segearthr2_qwen/lib/python3.10/site-packages/setuptools/_distutils/dist.py", line 1019, in run_command
    cmd_obj.run()
  File "/home/wangchengjun/miniconda3/envs/segearthr2_qwen/lib/python3.10/site-packages/setuptools/_distutils/command/build.py", line 135, in run
    self.run_command(cmd_name)
  File "/home/wangchengjun/miniconda3/envs/segearthr2_qwen/lib/python3.10/site-packages/setuptools/_distutils/cmd.py", line 341, in run_command
    self.distribution.run_command(command)
  File "/home/wangchengjun/miniconda3/envs/segearthr2_qwen/lib/python3.10/site-packages/setuptools/dist.py", line 1107, in run_command
    super().run_command(command)
  File "/home/wangchengjun/miniconda3/envs/segearthr2_qwen/lib/python3.10/site-packages/setuptools/_distutils/dist.py", line 1019, in run_command
    cmd_obj.run()
  File "/home/wangchengjun/miniconda3/envs/segearthr2_qwen/lib/python3.10/site-packages/setuptools/command/build_ext.py", line 97, in run
    _build_ext.run(self)
  File "/home/wangchengjun/miniconda3/envs/segearthr2_qwen/lib/python3.10/site-packages/setuptools/_distutils/command/build_ext.py", line 367, in run
    self.build_extensions()
  File "/home/wangchengjun/miniconda3/envs/segearthr2_qwen/lib/python3.10/site-packages/torch/utils/cpp_extension.py", line 866, in build_extensions
    build_ext.build_extensions(self)
  File "/home/wangchengjun/miniconda3/envs/segearthr2_qwen/lib/python3.10/site-packages/setuptools/_distutils/command/build_ext.py", line 483, in build_extensions
    self._build_extensions_serial()
  File "/home/wangchengjun/miniconda3/envs/segearthr2_qwen/lib/python3.10/site-packages/setuptools/_distutils/command/build_ext.py", line 509, in _build_extensions_serial
    self.build_extension(ext)
  File "/home/wangchengjun/miniconda3/envs/segearthr2_qwen/lib/python3.10/site-packages/setuptools/command/build_ext.py", line 262, in build_extension
    _build_ext.build_extension(self, ext)
  File "/home/wangchengjun/miniconda3/envs/segearthr2_qwen/lib/python3.10/site-packages/Cython/Distutils/build_ext.py", line 136, in build_extension
    super().build_extension(ext)
  File "/home/wangchengjun/miniconda3/envs/segearthr2_qwen/lib/python3.10/site-packages/setuptools/_distutils/command/build_ext.py", line 564, in build_extension
    objects = self.compiler.compile(
  File "/home/wangchengjun/miniconda3/envs/segearthr2_qwen/lib/python3.10/site-packages/torch/utils/cpp_extension.py", line 679, in unix_wrap_ninja_compile
    _write_ninja_file_and_compile_objects(
  File "/home/wangchengjun/miniconda3/envs/segearthr2_qwen/lib/python3.10/site-packages/torch/utils/cpp_extension.py", line 1785, in _write_ninja_file_and_compile_objects
    _run_ninja_build(
  File "/home/wangchengjun/miniconda3/envs/segearthr2_qwen/lib/python3.10/site-packages/torch/utils/cpp_extension.py", line 2121, in _run_ninja_build
    raise RuntimeError(message) from e
RuntimeError: Error compiling objects for extension
